
> @propmetrik/backend@1.0.0 test
> jest backend/tests/e2e/esign.e2e.test.ts Envelope Creation

FAIL tests/e2e/esign.e2e.test.ts (17.871 s)
  E-Sign Full Flow E2E Tests
    Envelope Creation
      ✕ should create a new envelope with signers and fields (93 ms)
      ✓ should list envelopes (484 ms)
      ✕ should get envelope by ID (68 ms)
      ✕ should get envelope audit log (399 ms)
    External Signing Flow
      ✕ should get envelope by access token (363 ms)
      ✓ should reject invalid access token (484 ms)
      ✕ should sign a field with drawn signature (83 ms)
    Envelope Management
      ✕ should resend envelope to pending signers (104 ms)
      ✕ should void an envelope (736 ms)
    PDF Generation
      ✓ should create a test PDF (7 ms)
      ✓ should generate full signed PDF with certificate (19 ms)
      ✕ should generate Certificate of Completion (5 ms)
    Template Management
      ✕ should create a new template (474 ms)
      ✕ should list templates (503 ms)
      ✕ should get template by ID (65 ms)
      ✕ should update a template (507 ms)
      ✕ should delete a template (390 ms)
    Health Check
      ✓ should return healthy status (4 ms)
  Security Tests
    Token Expiration
      ✓ should reject expired access tokens (339 ms)
    Access Control
      ✕ should reject requests without organization ID (160 ms)
      ✓ should not allow access to other organizations envelopes (367 ms)
    Input Validation
      ✓ should reject envelope without required fields (431 ms)
      ✓ should reject envelope without signers (405 ms)
      ✓ should reject malformed signature data (1 ms)
    Rate Limiting
      ✓ should handle multiple rapid requests (29 ms)
  Performance Tests
    PDF Generation Performance
      ✓ should generate PDF within acceptable time (5 ms)
      ✕ should generate certificate within acceptable time (5 ms)
      ✓ should generate full signed PDF within acceptable time (27 ms)
    Envelope Operations Performance
      ✓ should list envelopes quickly (432 ms)

  ● E-Sign Full Flow E2E Tests › Envelope Creation › should create a new envelope with signers and fields

    expect(received).toBe(expected) // Object.is equality

    Expected: 201
    Received: 400

      72 |                 });
      73 |
    > 74 |             expect(response.status).toBe(201);
         |                                     ^
      75 |             expect(response.body).toHaveProperty('id');
      76 |             expect(response.body.name).toBe('E2E Test Lease Agreement');
      77 |             expect(response.body.status).toBe('sent');

      at Object.<anonymous> (tests/e2e/esign.e2e.test.ts:74:37)

  ● E-Sign Full Flow E2E Tests › Envelope Creation › should get envelope by ID

    expect(received).toBe(expected) // Object.is equality

    Expected: 200
    Received: 500

       99 |                 .set('x-organization-id', TEST_ORG_ID);
      100 |
    > 101 |             expect(response.status).toBe(200);
          |                                     ^
      102 |             expect(response.body.id).toBe(envelopeId);
      103 |             expect(response.body.signers).toBeDefined();
      104 |             expect(response.body.fields).toBeDefined();

      at Object.<anonymous> (tests/e2e/esign.e2e.test.ts:101:37)

  ● E-Sign Full Flow E2E Tests › Envelope Creation › should get envelope audit log

    expect(received).toBe(expected) // Object.is equality

    Expected: 200
    Received: 400

      110 |                 .set('x-organization-id', TEST_ORG_ID);
      111 |
    > 112 |             expect(response.status).toBe(200);
          |                                     ^
      113 |             expect(Array.isArray(response.body)).toBe(true);
      114 |             // Should have envelope_created and envelope_sent events at minimum
      115 |             expect(response.body.length).toBeGreaterThanOrEqual(1);

      at Object.<anonymous> (tests/e2e/esign.e2e.test.ts:112:37)

  ● E-Sign Full Flow E2E Tests › External Signing Flow › should get envelope by access token

    TypeError: Cannot read properties of undefined (reading 'find')

      124 |                 .set('x-organization-id', TEST_ORG_ID);
      125 |
    > 126 |             const signer = envelopeResponse.body.signers.find((s: any) => s.id === signerId);
          |                                                          ^
      127 |             accessToken = signer.accessToken;
      128 |
      129 |             expect(accessToken).toBeDefined();

      at Object.<anonymous> (tests/e2e/esign.e2e.test.ts:126:58)

  ● E-Sign Full Flow E2E Tests › External Signing Flow › should sign a field with drawn signature

    expect(received).toBe(expected) // Object.is equality

    Expected: 200
    Received: 400

      156 |                 });
      157 |
    > 158 |             expect(response.status).toBe(200);
          |                                     ^
      159 |             expect(response.body.id).toBe(fieldId);
      160 |             expect(response.body.value).toBe(signatureData);
      161 |             expect(response.body.signedAt).toBeDefined();

      at Object.<anonymous> (tests/e2e/esign.e2e.test.ts:158:37)

  ● E-Sign Full Flow E2E Tests › Envelope Management › should resend envelope to pending signers

    expect(received).toBe(expected) // Object.is equality

    Expected: 200
    Received: 400

      170 |                 .set('x-user-id', TEST_USER_ID);
      171 |
    > 172 |             expect(response.status).toBe(200);
          |                                     ^
      173 |         });
      174 |
      175 |         it('should void an envelope', async () => {

      at Object.<anonymous> (tests/e2e/esign.e2e.test.ts:172:37)

  ● E-Sign Full Flow E2E Tests › Envelope Management › should void an envelope

    expect(received).toBe(expected) // Object.is equality

    Expected: 200
    Received: 400

      194 |                 .send({ reason: 'Testing void functionality' });
      195 |
    > 196 |             expect(response.status).toBe(200);
          |                                     ^
      197 |             expect(response.body.status).toBe('voided');
      198 |             expect(response.body.voidReason).toBe('Testing void functionality');
      199 |         });

      at Object.<anonymous> (tests/e2e/esign.e2e.test.ts:196:37)

  ● E-Sign Full Flow E2E Tests › PDF Generation › should generate Certificate of Completion

    expect(received).toBe(expected) // Object.is equality

    Expected: 200
    Received: 500

      232 |                 .send({ returnPdf: false });
      233 |
    > 234 |             expect(response.status).toBe(200);
          |                                     ^
      235 |             expect(response.body.success).toBe(true);
      236 |             expect(response.body.stats.pdfSize).toBeGreaterThan(0);
      237 |             expect(response.body.stats.pages).toBe(2);

      at Object.<anonymous> (tests/e2e/esign.e2e.test.ts:234:37)

  ● E-Sign Full Flow E2E Tests › Template Management › should create a new template

    expect(received).toBe(expected) // Object.is equality

    Expected: 201
    Received: 400

      260 |                 });
      261 |
    > 262 |             expect(response.status).toBe(201);
          |                                     ^
      263 |             expect(response.body).toHaveProperty('id');
      264 |             expect(response.body.name).toBe('E2E Test Template');
      265 |             templateId = response.body.id;

      at Object.<anonymous> (tests/e2e/esign.e2e.test.ts:262:37)

  ● E-Sign Full Flow E2E Tests › Template Management › should list templates

    expect(received).toBe(expected) // Object.is equality

    Expected: true
    Received: false

      272 |
      273 |             expect(response.status).toBe(200);
    > 274 |             expect(Array.isArray(response.body)).toBe(true);
          |                                                  ^
      275 |         });
      276 |
      277 |         it('should get template by ID', async () => {

      at Object.<anonymous> (tests/e2e/esign.e2e.test.ts:274:50)

  ● E-Sign Full Flow E2E Tests › Template Management › should get template by ID

    expect(received).toBe(expected) // Object.is equality

    Expected: 200
    Received: 500

      280 |                 .set('x-organization-id', TEST_ORG_ID);
      281 |
    > 282 |             expect(response.status).toBe(200);
          |                                     ^
      283 |             expect(response.body.id).toBe(templateId);
      284 |         });
      285 |

      at Object.<anonymous> (tests/e2e/esign.e2e.test.ts:282:37)

  ● E-Sign Full Flow E2E Tests › Template Management › should update a template

    expect(received).toBe(expected) // Object.is equality

    Expected: 200
    Received: 400

      294 |                 });
      295 |
    > 296 |             expect(response.status).toBe(200);
          |                                     ^
      297 |             expect(response.body.name).toBe('Updated E2E Test Template');
      298 |         });
      299 |

      at Object.<anonymous> (tests/e2e/esign.e2e.test.ts:296:37)

  ● E-Sign Full Flow E2E Tests › Template Management › should delete a template

    expect(received).toBe(expected) // Object.is equality

    Expected: 204
    Received: 500

      304 |                 .set('x-user-id', TEST_USER_ID);
      305 |
    > 306 |             expect(response.status).toBe(204);
          |                                     ^
      307 |         });
      308 |     });
      309 |

      at Object.<anonymous> (tests/e2e/esign.e2e.test.ts:306:37)

  ● Security Tests › Access Control › should reject requests without organization ID

    expect(received).toBe(expected) // Object.is equality

    Expected: 404
    Received: 500

      338 |
      339 |             // Should still work with default org, but return 404 for non-existent envelope
    > 340 |             expect(response.status).toBe(404);
          |                                     ^
      341 |         });
      342 |
      343 |         it('should not allow access to other organizations envelopes', async () => {

      at Object.<anonymous> (tests/e2e/esign.e2e.test.ts:340:37)

  ● Performance Tests › PDF Generation Performance › should generate certificate within acceptable time

    expect(received).toBe(expected) // Object.is equality

    Expected: 200
    Received: 500

      438 |             const duration = Date.now() - startTime;
      439 |
    > 440 |             expect(response.status).toBe(200);
          |                                     ^
      441 |             expect(duration).toBeLessThan(3000); // Should complete within 3 seconds
      442 |         });
      443 |

      at Object.<anonymous> (tests/e2e/esign.e2e.test.ts:440:37)

Test Suites: 1 failed, 1 total
Tests:       15 failed, 14 passed, 29 total
Snapshots:   0 total
Time:        18.064 s, estimated 20 s
Ran all test suites matching /backend\/tests\/e2e\/esign.e2e.test.ts|Envelope Creation/i.
